../Core/Src/main.c:116:5:main	8	static
../Core/Src/main.c:210:6:SystemClock_Config	88	static
../Core/Src/main.c:257:13:MX_TIM2_Init	64	static
../Core/Src/main.c:320:13:MX_TIM3_Init	64	static
../Core/Src/main.c:379:13:MX_TIM4_Init	64	static
../Core/Src/main.c:438:13:MX_USART2_UART_Init	8	static
../Core/Src/main.c:469:13:MX_DMA_Init	16	static
../Core/Src/main.c:490:13:MX_GPIO_Init	48	static
../Core/Src/main.c:544:5:mapValue	16	static
../Core/Src/main.c:550:6:StpperMotorControlled	8	static
../Core/Src/main.c:842:6:BrusheMotorControlled	8	static
../Core/Src/main.c:854:6:ServoControlled	4	static
../Core/Src/main.c:871:6:subscription_callback_L	24	static
../Core/Src/main.c:879:6:subscription_callback_R	24	static
../Core/Src/main.c:885:6:subscription_callback_servo	24	static
../Core/Src/main.c:892:6:subscription_callback_Brush	24	static
../Core/Src/main.c:907:6:StartDefaultTask	360	static
../Core/Src/main.c:1094:6:HAL_TIM_PeriodElapsedCallback	16	static
../Core/Src/main.c:1111:6:Error_Handler	4	static,ignoring_inline_asm
